[
  {
    "%k": "int",
    "%v": 123456789
  },
  {
    "%k": "int",
    "%v": 123
  }
]
