[
  {
    "%k": "bool",
    "%v": true
  },
  {
    "%k": "bool",
    "%v": false
  }
]
