[
  {
    "%k": "int",
    "%v": 1234
  },
  {
    "%k": "bool",
    "%v": true
  },
  {
    "%k": "atom",
    "%v": ":some_long_atom_1234"
  },
  {
    "%k": "bool",
    "%v": false
  },
  {
    "%k": "int",
    "%v": 8334
  }
]
