[
  {
    "%k": "list",
    "%v": []
  },
  {
    "%k": "list",
    "%v": []
  }
]
