[
  {
    "%k": "list",
    "%v": [
      {
        "%k": "atom",
        "%v": ":a"
      },
      {
        "%k": "int",
        "%v": 22
      },
      {
        "%k": "atom",
        "%v": ":b"
      }
    ]
  },
  {
    "%k": "list",
    "%v": []
  },
  {
    "%k": "list",
    "%v": [
      {
        "%k": "atom",
        "%v": ":some_atom12"
      },
      {
        "%k": "int",
        "%v": 12
      }
    ]
  }
]
