[
  {
    "%k": "tuple",
    "%v": []
  },
  {
    "%k": "tuple",
    "%v": []
  }
]
