[
  {
    "%k": "tuple",
    "%v": [
      {
        "%k": "atom",
        "%v": ":a"
      },
      {
        "%k": "int",
        "%v": 22
      }
    ]
  },
  {
    "%k": "tuple",
    "%v": [
      {
        "%k": "atom",
        "%v": ":x"
      },
      {
        "%k": "atom",
        "%v": ":y"
      },
      {
        "%k": "atom",
        "%v": ":z"
      }
    ]
  },
  {
    "%k": "tuple",
    "%v": []
  },
  {
    "%k": "tuple",
    "%v": [
      {
        "%k": "int",
        "%v": 33
      }
    ]
  }
]
