[
  {
    "%k": "map",
    "%v": []
  },
  {
    "%k": "map",
    "%v": []
  }
]
