[
  {
    "%k": "map",
    "%v": [
      [
        {
          "%k": "atom",
          "%v": ":a"
        },
        {
          "%k": "int",
          "%v": 22
        }
      ],
      [
        {
          "%k": "atom",
          "%v": ":b"
        },
        {
          "%k": "int",
          "%v": 33
        }
      ]
    ]
  },
  {
    "%k": "map",
    "%v": [
      [
        {
          "%k": "list",
          "%v": [
            {
              "%k": "int",
              "%v": 22
            }
          ]
        },
        {
          "%k": "int",
          "%v": 33
        }
      ],
      [
        {
          "%k": "tuple",
          "%v": [
            {
              "%k": "atom",
              "%v": ":x"
            }
          ]
        },
        {
          "%k": "atom",
          "%v": ":x"
        }
      ]
    ]
  },
  {
    "%k": "map",
    "%v": []
  },
  {
    "%k": "map",
    "%v": [
      [
        {
          "%k": "int",
          "%v": 22
        },
        {
          "%k": "int",
          "%v": 33
        }
      ]
    ]
  }
]
