[
  {
    "%k": "map",
    "%v": [
      [
        {
          "%k": "list",
          "%v": [
            {
              "%k": "atom",
              "%v": ":a"
            },
            {
              "%k": "int",
              "%v": 22
            }
          ]
        },
        {
          "%k": "tuple",
          "%v": [
            {
              "%k": "list",
              "%v": [
                {
                  "%k": "int",
                  "%v": 1
                },
                {
                  "%k": "int",
                  "%v": 2
                },
                {
                  "%k": "int",
                  "%v": 3
                }
              ]
            },
            {
              "%k": "atom",
              "%v": ":x"
            }
          ]
        }
      ],
      [
        {
          "%k": "atom",
          "%v": ":x"
        },
        {
          "%k": "list",
          "%v": [
            {
              "%k": "int",
              "%v": 99
            },
            {
              "%k": "map",
              "%v": [
                [
                  {
                    "%k": "atom",
                    "%v": ":a"
                  },
                  {
                    "%k": "int",
                    "%v": 33
                  }
                ]
              ]
            }
          ]
        }
      ]
    ]
  },
  {
    "%k": "tuple",
    "%v": [
      {
        "%k": "list",
        "%v": [
          {
            "%k": "int",
            "%v": 1
          },
          {
            "%k": "int",
            "%v": 2
          }
        ]
      },
      {
        "%k": "tuple",
        "%v": [
          {
            "%k": "atom",
            "%v": ":a"
          },
          {
            "%k": "int",
            "%v": 22
          }
        ]
      },
      {
        "%k": "map",
        "%v": [
          [
            {
              "%k": "atom",
              "%v": ":a"
            },
            {
              "%k": "int",
              "%v": 99
            }
          ],
          [
            {
              "%k": "atom",
              "%v": ":b"
            },
            {
              "%k": "int",
              "%v": 11
            }
          ]
        ]
      }
    ]
  },
  {
    "%k": "list",
    "%v": [
      {
        "%k": "tuple",
        "%v": [
          {
            "%k": "int",
            "%v": 1
          },
          {
            "%k": "int",
            "%v": 2
          }
        ]
      },
      {
        "%k": "map",
        "%v": [
          [
            {
              "%k": "list",
              "%v": [
                {
                  "%k": "atom",
                  "%v": ":x"
                }
              ]
            },
            {
              "%k": "int",
              "%v": 33
            }
          ],
          [
            {
              "%k": "atom",
              "%v": ":b"
            },
            {
              "%k": "int",
              "%v": 44
            }
          ]
        ]
      },
      {
        "%k": "atom",
        "%v": ":c"
      },
      {
        "%k": "list",
        "%v": []
      },
      {
        "%k": "list",
        "%v": [
          {
            "%k": "atom",
            "%v": ":d"
          },
          {
            "%k": "int",
            "%v": 55
          }
        ]
      }
    ]
  }
]
